
==== DEPLOYMENT-DECAY probe (rolling-origin: train past -> predict future) ====
  [1/3] [homecredit_default_fullspan] task=binclass feats=696 n=381664
      [homecredit_default_fullspan seeds] 1/10  elapsed 2m06s  eta 18m57s  (126.3s/unit)
      [homecredit_default_fullspan seeds] 2/10  elapsed 4m10s  eta 16m40s  (125.1s/unit)
      [homecredit_default_fullspan seeds] 3/10  elapsed 6m18s  eta 14m42s  (126.1s/unit)
      [homecredit_default_fullspan seeds] 4/10  elapsed 8m28s  eta 12m43s  (127.2s/unit)
      [homecredit_default_fullspan seeds] 5/10  elapsed 10m39s  eta 10m39s  (127.9s/unit)
      [homecredit_default_fullspan seeds] 6/10  elapsed 12m46s  eta 8m30s  (127.7s/unit)
      [homecredit_default_fullspan seeds] 7/10  elapsed 14m52s  eta 6m22s  (127.5s/unit)
      [homecredit_default_fullspan seeds] 8/10  elapsed 17m01s  eta 4m15s  (127.7s/unit)
      [homecredit_default_fullspan seeds] 9/10  elapsed 19m07s  eta 2m07s  (127.5s/unit)
      [homecredit_default_fullspan seeds] 10/10  elapsed 21m16s  eta 0s  (127.6s/unit)
      [injection interaction@lo] 1/10  elapsed 1m46s  eta 16m00s  (106.7s/unit)
      [injection interaction@lo] 2/10  elapsed 3m32s  eta 14m08s  (106.0s/unit)
      [injection interaction@lo] 3/10  elapsed 5m16s  eta 12m18s  (105.5s/unit)
      [injection interaction@lo] 4/10  elapsed 7m03s  eta 10m35s  (106.0s/unit)
      [injection interaction@lo] 5/10  elapsed 8m51s  eta 8m51s  (106.4s/unit)
      [injection interaction@lo] 6/10  elapsed 10m37s  eta 7m05s  (106.3s/unit)
      [injection interaction@lo] 7/10  elapsed 12m22s  eta 5m18s  (106.0s/unit)
      [injection interaction@lo] 8/10  elapsed 14m09s  eta 3m32s  (106.2s/unit)
      [injection interaction@lo] 9/10  elapsed 15m54s  eta 1m46s  (106.0s/unit)
      [injection interaction@lo] 10/10  elapsed 17m34s  eta 0s  (105.5s/unit)
  homecredit_default_f W=10 D=1.000 gate=1.23 stale=-0.003[-0.006,-0.000] den=+0.018[+0.015,+0.021] => UNIDENTIFIABLE-EXPLOITABLE  [TRUST: proxy-stripped:62;injection-vacuous]
      [datasets] 1/3  elapsed 40m37s  eta 1h21m  (2437.6s/unit) <- homecredit_default_fullspan
  [2/3] [weather_fullspan] task=regression feats=103 n=423795
      [weather_fullspan seeds] 1/10  elapsed 38s  eta 5m47s  (38.6s/unit)
      [weather_fullspan seeds] 2/10  elapsed 1m19s  eta 5m18s  (39.9s/unit)
      [weather_fullspan seeds] 3/10  elapsed 2m00s  eta 4m41s  (40.2s/unit)
      [weather_fullspan seeds] 4/10  elapsed 2m41s  eta 4m02s  (40.4s/unit)
      [weather_fullspan seeds] 5/10  elapsed 3m23s  eta 3m23s  (40.6s/unit)
      [weather_fullspan seeds] 6/10  elapsed 4m04s  eta 2m42s  (40.7s/unit)
      [weather_fullspan seeds] 7/10  elapsed 4m45s  eta 2m02s  (40.7s/unit)
      [weather_fullspan seeds] 8/10  elapsed 5m26s  eta 1m21s  (40.8s/unit)
      [weather_fullspan seeds] 9/10  elapsed 6m06s  eta 40s  (40.8s/unit)
      [weather_fullspan seeds] 10/10  elapsed 6m47s  eta 0s  (40.8s/unit)
      [injection interaction@lo] 1/10  elapsed 38s  eta 5m47s  (38.6s/unit)
      [injection interaction@lo] 2/10  elapsed 1m17s  eta 5m08s  (38.6s/unit)
      [injection interaction@lo] 3/10  elapsed 1m55s  eta 4m29s  (38.5s/unit)
      [injection interaction@lo] 4/10  elapsed 2m33s  eta 3m50s  (38.4s/unit)
      [injection interaction@lo] 5/10  elapsed 3m11s  eta 3m11s  (38.3s/unit)
      [injection interaction@lo] 6/10  elapsed 3m48s  eta 2m32s  (38.2s/unit)
      [injection interaction@lo] 7/10  elapsed 4m27s  eta 1m54s  (38.2s/unit)
      [injection interaction@lo] 8/10  elapsed 5m05s  eta 1m16s  (38.2s/unit)
      [injection interaction@lo] 9/10  elapsed 5m44s  eta 38s  (38.2s/unit)
      [injection interaction@lo] 10/10  elapsed 6m22s  eta 0s  (38.2s/unit)
  weather_fullspan     W=10 D=1.000 gate=0.88 stale=-0.014[-0.015,-0.013] den=-0.013[-0.014,-0.012] => INJECTION-RECOVERED  [TRUST: injection-recovered]
      [datasets] 2/3  elapsed 54m14s  eta 27m07s  (1627.3s/unit) <- weather_fullspan
  [3/3] [homesite_insurance_fullspan] task=binclass feats=299 n=260753
      [homesite_insurance_fullspan seeds] 1/10  elapsed 1m02s  eta 9m23s  (62.6s/unit)
      [homesite_insurance_fullspan seeds] 2/10  elapsed 2m04s  eta 8m19s  (62.5s/unit)
      [homesite_insurance_fullspan seeds] 3/10  elapsed 3m07s  eta 7m18s  (62.6s/unit)
      [homesite_insurance_fullspan seeds] 4/10  elapsed 4m10s  eta 6m15s  (62.5s/unit)
      [homesite_insurance_fullspan seeds] 5/10  elapsed 5m12s  eta 5m12s  (62.6s/unit)
      [homesite_insurance_fullspan seeds] 6/10  elapsed 6m15s  eta 4m10s  (62.5s/unit)
      [homesite_insurance_fullspan seeds] 7/10  elapsed 7m17s  eta 3m07s  (62.4s/unit)
      [homesite_insurance_fullspan seeds] 8/10  elapsed 8m19s  eta 2m04s  (62.4s/unit)
      [homesite_insurance_fullspan seeds] 9/10  elapsed 9m21s  eta 1m02s  (62.4s/unit)
      [homesite_insurance_fullspan seeds] 10/10  elapsed 10m23s  eta 0s  (62.4s/unit)
      [injection interaction@lo] 1/10  elapsed 56s  eta 8m26s  (56.3s/unit)
      [injection interaction@lo] 2/10  elapsed 1m51s  eta 7m27s  (56.0s/unit)
      [injection interaction@lo] 3/10  elapsed 2m44s  eta 6m23s  (54.8s/unit)
      [injection interaction@lo] 4/10  elapsed 3m40s  eta 5m30s  (55.1s/unit)
      [injection interaction@lo] 5/10  elapsed 4m36s  eta 4m36s  (55.3s/unit)
      [injection interaction@lo] 6/10  elapsed 5m32s  eta 3m41s  (55.4s/unit)
      [injection interaction@lo] 7/10  elapsed 6m29s  eta 2m46s  (55.6s/unit)
      [injection interaction@lo] 8/10  elapsed 7m25s  eta 1m51s  (55.7s/unit)
      [injection interaction@lo] 9/10  elapsed 8m21s  eta 55s  (55.7s/unit)
      [injection interaction@lo] 10/10  elapsed 9m18s  eta 0s  (55.8s/unit)
  homesite_insurance_f W=10 D=1.000 gate=1.02 stale=-0.004[-0.004,-0.003] den=-0.001[-0.002,-0.001] => UNIDENTIFIABLE-INERT  [TRUST: proxy-stripped:3;injection-vacuous]
      [datasets] 3/3  elapsed 1h14m  eta 0s  (1492.8s/unit) <- homesite_insurance_fullspan
      [datasets] done in 1h14m

  v3 READ (PREREG_DEPLOYMENT_V2.md): DEPLOYMENT-CONCEPT needs the DENOISED arm within the
  noise envelope; raw-only positives are NOISE-DRIFT-CONFOUNDED or RAW-ONLY-POSITIVE, never
  concept. All verdicts are tree-ensemble-class-scoped; D = window separability, not overlap.

  wrote results/phase1/deployment_decay/summary_20260802T080958_1fa4b6f.json  (+ summary_latest.json)  <-- send me this
