
==== DEPLOYMENT-DECAY probe (rolling-origin: train past -> predict future) ====
  [1/1] [river_agrawal_abrupt] task=binclass feats=9 n=8000
      [river_agrawal_abrupt seeds] 1/10  elapsed 9s  eta 1m28s  (9.8s/unit)
      [river_agrawal_abrupt seeds] 2/10  elapsed 20s  eta 1m21s  (10.1s/unit)
      [river_agrawal_abrupt seeds] 3/10  elapsed 29s  eta 1m08s  (9.9s/unit)
      [river_agrawal_abrupt seeds] 4/10  elapsed 39s  eta 59s  (10.0s/unit)
      [river_agrawal_abrupt seeds] 5/10  elapsed 49s  eta 49s  (10.0s/unit)
      [river_agrawal_abrupt seeds] 6/10  elapsed 59s  eta 39s  (9.8s/unit)
      [river_agrawal_abrupt seeds] 7/10  elapsed 1m08s  eta 29s  (9.8s/unit)
      [river_agrawal_abrupt seeds] 8/10  elapsed 1m18s  eta 19s  (9.8s/unit)
      [river_agrawal_abrupt seeds] 9/10  elapsed 1m27s  eta 9s  (9.7s/unit)
      [river_agrawal_abrupt seeds] 10/10  elapsed 1m36s  eta 0s  (9.7s/unit)
      [injection interaction@lo] 1/10  elapsed 16s  eta 2m31s  (16.9s/unit)
      [injection interaction@lo] 2/10  elapsed 33s  eta 2m14s  (16.8s/unit)
      [injection interaction@lo] 3/10  elapsed 49s  eta 1m56s  (16.6s/unit)
      [injection interaction@lo] 4/10  elapsed 1m06s  eta 1m39s  (16.6s/unit)
      [injection interaction@lo] 5/10  elapsed 1m22s  eta 1m22s  (16.5s/unit)
      [injection interaction@lo] 6/10  elapsed 1m38s  eta 1m05s  (16.5s/unit)
      [injection interaction@lo] 7/10  elapsed 1m55s  eta 49s  (16.5s/unit)
      [injection interaction@lo] 8/10  elapsed 2m12s  eta 33s  (16.5s/unit)
      [injection interaction@lo] 9/10  elapsed 2m28s  eta 16s  (16.5s/unit)
      [injection interaction@lo] 10/10  elapsed 2m45s  eta 0s  (16.5s/unit)
  river_agrawal_abrupt W=10 D=0.498 gate=0.00 stale=+0.045[+0.039,+0.051] den=+0.047[+0.038,+0.055] => DEPLOYMENT-CONCEPT  [TRUST: no-covariate-movement]
      [datasets] 1/1  elapsed 4m30s  eta 0s  (270.8s/unit) <- river_agrawal_abrupt
      [datasets] done in 4m30s

  v3 READ (PREREG_DEPLOYMENT_V2.md): DEPLOYMENT-CONCEPT needs the DENOISED arm within the
  noise envelope; raw-only positives are NOISE-DRIFT-CONFOUNDED or RAW-ONLY-POSITIVE, never
  concept. All verdicts are tree-ensemble-class-scoped; D = window separability, not overlap.

  wrote results/phase1/deployment_decay/summary_20260801T042530_dd82e0a.json  (+ summary_latest.json)  <-- send me this
