
==== DEPLOYMENT-DECAY probe (rolling-origin: train past -> predict future) ====
  [1/3] [river_stagger_abrupt] task=binclass feats=3 n=8000
      [river_stagger_abrupt seeds] 1/10  elapsed 4s  eta 39s  (4.4s/unit)
      [river_stagger_abrupt seeds] 2/10  elapsed 9s  eta 36s  (4.6s/unit)
      [river_stagger_abrupt seeds] 3/10  elapsed 13s  eta 31s  (4.5s/unit)
      [river_stagger_abrupt seeds] 4/10  elapsed 18s  eta 28s  (4.7s/unit)
      [river_stagger_abrupt seeds] 5/10  elapsed 23s  eta 23s  (4.7s/unit)
      [river_stagger_abrupt seeds] 6/10  elapsed 27s  eta 18s  (4.7s/unit)
      [river_stagger_abrupt seeds] 7/10  elapsed 32s  eta 13s  (4.6s/unit)
      [river_stagger_abrupt seeds] 8/10  elapsed 36s  eta 9s  (4.6s/unit)
      [river_stagger_abrupt seeds] 9/10  elapsed 42s  eta 4s  (4.7s/unit)
      [river_stagger_abrupt seeds] 10/10  elapsed 47s  eta 0s  (4.8s/unit)
      [injection interaction@lo] 1/10  elapsed 11s  eta 1m41s  (11.3s/unit)
      [injection interaction@lo] 2/10  elapsed 22s  eta 1m30s  (11.3s/unit)
      [injection interaction@lo] 3/10  elapsed 32s  eta 1m16s  (11.0s/unit)
      [injection interaction@lo] 4/10  elapsed 41s  eta 1m02s  (10.3s/unit)
      [injection interaction@lo] 5/10  elapsed 49s  eta 49s  (9.9s/unit)
      [injection interaction@lo] 6/10  elapsed 57s  eta 38s  (9.7s/unit)
      [injection interaction@lo] 7/10  elapsed 1m06s  eta 28s  (9.4s/unit)
      [injection interaction@lo] 8/10  elapsed 1m14s  eta 18s  (9.4s/unit)
      [injection interaction@lo] 9/10  elapsed 1m24s  eta 9s  (9.3s/unit)
      [injection interaction@lo] 10/10  elapsed 1m32s  eta 0s  (9.3s/unit)
  river_stagger_abrupt W=10 D=0.500 gate=  - stale=+0.117[+0.096,+0.137] den=+0.117[+0.096,+0.137] => DEPLOYMENT-CONCEPT  [TRUST: no-covariate-movement]
      [datasets] 1/3  elapsed 2m25s  eta 4m50s  (145.1s/unit) <- river_stagger_abrupt
  [2/3] [river_sine_abrupt] task=binclass feats=2 n=8000
      [river_sine_abrupt seeds] 1/10  elapsed 8s  eta 1m20s  (9.0s/unit)
      [river_sine_abrupt seeds] 2/10  elapsed 18s  eta 1m12s  (9.1s/unit)
      [river_sine_abrupt seeds] 3/10  elapsed 27s  eta 1m03s  (9.1s/unit)
      [river_sine_abrupt seeds] 4/10  elapsed 36s  eta 54s  (9.1s/unit)
      [river_sine_abrupt seeds] 5/10  elapsed 45s  eta 45s  (9.1s/unit)
      [river_sine_abrupt seeds] 6/10  elapsed 54s  eta 36s  (9.1s/unit)
      [river_sine_abrupt seeds] 7/10  elapsed 1m03s  eta 27s  (9.1s/unit)
      [river_sine_abrupt seeds] 8/10  elapsed 1m12s  eta 18s  (9.1s/unit)
      [river_sine_abrupt seeds] 9/10  elapsed 1m21s  eta 9s  (9.1s/unit)
      [river_sine_abrupt seeds] 10/10  elapsed 1m32s  eta 0s  (9.2s/unit)
      [injection interaction@lo] 1/10  elapsed 15s  eta 2m17s  (15.2s/unit)
      [injection interaction@lo] 2/10  elapsed 30s  eta 2m01s  (15.2s/unit)
      [injection interaction@lo] 3/10  elapsed 43s  eta 1m42s  (14.7s/unit)
      [injection interaction@lo] 4/10  elapsed 57s  eta 1m26s  (14.4s/unit)
      [injection interaction@lo] 5/10  elapsed 1m11s  eta 1m11s  (14.3s/unit)
      [injection interaction@lo] 6/10  elapsed 1m25s  eta 56s  (14.2s/unit)
      [injection interaction@lo] 7/10  elapsed 1m38s  eta 42s  (14.1s/unit)
      [injection interaction@lo] 8/10  elapsed 1m53s  eta 28s  (14.2s/unit)
      [injection interaction@lo] 9/10  elapsed 2m07s  eta 14s  (14.2s/unit)
      [injection interaction@lo] 10/10  elapsed 2m22s  eta 0s  (14.2s/unit)
  river_sine_abrupt    W=10 D=0.488 gate=0.69 stale=+0.031[+0.027,+0.035] den=+0.027[+0.022,+0.033] => DEPLOYMENT-CONCEPT  [TRUST: no-covariate-movement]
      [datasets] 2/3  elapsed 6m25s  eta 3m12s  (193.0s/unit) <- river_sine_abrupt
  [3/3] [river_hyperplane_incr] task=binclass feats=10 n=8000
      [river_hyperplane_incr seeds] 1/10  elapsed 16s  eta 2m31s  (16.8s/unit)
      [river_hyperplane_incr seeds] 2/10  elapsed 33s  eta 2m14s  (16.9s/unit)
      [river_hyperplane_incr seeds] 3/10  elapsed 50s  eta 1m57s  (16.9s/unit)
      [river_hyperplane_incr seeds] 4/10  elapsed 1m07s  eta 1m40s  (16.8s/unit)
      [river_hyperplane_incr seeds] 5/10  elapsed 1m23s  eta 1m23s  (16.8s/unit)
      [river_hyperplane_incr seeds] 6/10  elapsed 1m40s  eta 1m07s  (16.8s/unit)
      [river_hyperplane_incr seeds] 7/10  elapsed 1m57s  eta 50s  (16.8s/unit)
      [river_hyperplane_incr seeds] 8/10  elapsed 2m14s  eta 33s  (16.8s/unit)
      [river_hyperplane_incr seeds] 9/10  elapsed 2m30s  eta 16s  (16.7s/unit)
      [river_hyperplane_incr seeds] 10/10  elapsed 2m47s  eta 0s  (16.7s/unit)
      [injection interaction@lo] 1/10  elapsed 16s  eta 2m27s  (16.4s/unit)
      [injection interaction@lo] 2/10  elapsed 32s  eta 2m11s  (16.4s/unit)
      [injection interaction@lo] 3/10  elapsed 49s  eta 1m55s  (16.5s/unit)
      [injection interaction@lo] 4/10  elapsed 1m06s  eta 1m39s  (16.6s/unit)
      [injection interaction@lo] 5/10  elapsed 1m22s  eta 1m22s  (16.6s/unit)
      [injection interaction@lo] 6/10  elapsed 1m39s  eta 1m06s  (16.5s/unit)
      [injection interaction@lo] 7/10  elapsed 1m55s  eta 49s  (16.5s/unit)
      [injection interaction@lo] 8/10  elapsed 2m11s  eta 32s  (16.4s/unit)
      [injection interaction@lo] 9/10  elapsed 2m27s  eta 16s  (16.4s/unit)
      [injection interaction@lo] 10/10  elapsed 2m44s  eta 0s  (16.4s/unit)
  river_hyperplane_inc W=10 D=0.493 gate=3.54! stale=+0.112[+0.097,+0.128] den=+0.122[+0.106,+0.138] => DEPLOYMENT-CONCEPT  [TRUST: no-covariate-movement;noise-drift-present]
      [datasets] 3/3  elapsed 12m09s  eta 0s  (243.0s/unit) <- river_hyperplane_incr
      [datasets] done in 12m09s

  v3 READ (PREREG_DEPLOYMENT_V2.md): DEPLOYMENT-CONCEPT needs the DENOISED arm within the
  noise envelope; raw-only positives are NOISE-DRIFT-CONFOUNDED or RAW-ONLY-POSITIVE, never
  concept. All verdicts are tree-ensemble-class-scoped; D = window separability, not overlap.

  wrote results/phase1/deployment_decay/summary_20260802T195909_a8f1549.json  (+ summary_latest.json)  <-- send me this
