
==== DEPLOYMENT-DECAY probe (rolling-origin: train past -> predict future) ====
  [1/3] [river_stagger_abrupt] task=binclass feats=3 n=8000
      [river_stagger_abrupt seeds] 1/10  elapsed 4s  eta 40s  (4.5s/unit)
      [river_stagger_abrupt seeds] 2/10  elapsed 9s  eta 37s  (4.7s/unit)
      [river_stagger_abrupt seeds] 3/10  elapsed 13s  eta 32s  (4.6s/unit)
      [river_stagger_abrupt seeds] 4/10  elapsed 18s  eta 27s  (4.7s/unit)
      [river_stagger_abrupt seeds] 5/10  elapsed 24s  eta 24s  (4.9s/unit)
      [river_stagger_abrupt seeds] 6/10  elapsed 30s  eta 20s  (5.0s/unit)
      [river_stagger_abrupt seeds] 7/10  elapsed 36s  eta 15s  (5.2s/unit)
      [river_stagger_abrupt seeds] 8/10  elapsed 43s  eta 10s  (5.4s/unit)
      [river_stagger_abrupt seeds] 9/10  elapsed 49s  eta 5s  (5.5s/unit)
      [river_stagger_abrupt seeds] 10/10  elapsed 55s  eta 0s  (5.6s/unit)
      [injection topvar@hi] 1/10  elapsed 9s  eta 1m28s  (9.8s/unit)
      [injection topvar@hi] 2/10  elapsed 18s  eta 1m14s  (9.3s/unit)
      [injection topvar@hi] 3/10  elapsed 27s  eta 1m04s  (9.2s/unit)
      [injection topvar@hi] 4/10  elapsed 36s  eta 54s  (9.1s/unit)
      [injection topvar@hi] 5/10  elapsed 45s  eta 45s  (9.1s/unit)
      [injection topvar@hi] 6/10  elapsed 53s  eta 35s  (8.9s/unit)
      [injection topvar@hi] 7/10  elapsed 59s  eta 25s  (8.6s/unit)
      [injection topvar@hi] 8/10  elapsed 1m06s  eta 16s  (8.3s/unit)
      [injection topvar@hi] 9/10  elapsed 1m13s  eta 8s  (8.2s/unit)
      [injection topvar@hi] 10/10  elapsed 1m21s  eta 0s  (8.2s/unit)
  river_stagger_abrupt W=10 D=0.500 gate=  - stale=+0.117[+0.096,+0.137] den=+0.117[+0.096,+0.137] => DEPLOYMENT-CONCEPT  [TRUST: no-covariate-movement]
      [datasets] 1/3  elapsed 2m22s  eta 4m44s  (142.3s/unit) <- river_stagger_abrupt
  [2/3] [river_sine_abrupt] task=binclass feats=2 n=8000
      [river_sine_abrupt seeds] 1/10  elapsed 11s  eta 1m41s  (11.3s/unit)
      [river_sine_abrupt seeds] 2/10  elapsed 23s  eta 1m32s  (11.5s/unit)
      [river_sine_abrupt seeds] 3/10  elapsed 35s  eta 1m21s  (11.7s/unit)
      [river_sine_abrupt seeds] 4/10  elapsed 47s  eta 1m10s  (11.8s/unit)
      [river_sine_abrupt seeds] 5/10  elapsed 59s  eta 59s  (11.8s/unit)
      [river_sine_abrupt seeds] 6/10  elapsed 1m11s  eta 47s  (11.8s/unit)
      [river_sine_abrupt seeds] 7/10  elapsed 1m23s  eta 35s  (11.9s/unit)
      [river_sine_abrupt seeds] 8/10  elapsed 1m35s  eta 23s  (11.9s/unit)
      [river_sine_abrupt seeds] 9/10  elapsed 1m47s  eta 11s  (12.0s/unit)
      [river_sine_abrupt seeds] 10/10  elapsed 1m59s  eta 0s  (12.0s/unit)
      [injection topvar@hi] 1/10  elapsed 14s  eta 2m08s  (14.2s/unit)
      [injection topvar@hi] 2/10  elapsed 28s  eta 1m53s  (14.2s/unit)
      [injection topvar@hi] 3/10  elapsed 42s  eta 1m38s  (14.1s/unit)
      [injection topvar@hi] 4/10  elapsed 56s  eta 1m24s  (14.1s/unit)
      [injection topvar@hi] 5/10  elapsed 1m10s  eta 1m10s  (14.1s/unit)
      [injection topvar@hi] 6/10  elapsed 1m24s  eta 56s  (14.1s/unit)
      [injection topvar@hi] 7/10  elapsed 1m38s  eta 42s  (14.1s/unit)
      [injection topvar@hi] 8/10  elapsed 1m52s  eta 28s  (14.1s/unit)
      [injection topvar@hi] 9/10  elapsed 2m06s  eta 14s  (14.1s/unit)
      [injection topvar@hi] 10/10  elapsed 2m20s  eta 0s  (14.1s/unit)
  river_sine_abrupt    W=10 D=0.488 gate=0.69 stale=+0.031[+0.027,+0.035] den=+0.027[+0.022,+0.033] => DEPLOYMENT-CONCEPT  [TRUST: no-covariate-movement]
      [datasets] 2/3  elapsed 6m50s  eta 3m25s  (205.5s/unit) <- river_sine_abrupt
  [3/3] [river_hyperplane_incr] task=binclass feats=10 n=8000
      [river_hyperplane_incr seeds] 1/10  elapsed 16s  eta 2m24s  (16.0s/unit)
      [river_hyperplane_incr seeds] 2/10  elapsed 32s  eta 2m08s  (16.0s/unit)
      [river_hyperplane_incr seeds] 3/10  elapsed 47s  eta 1m51s  (16.0s/unit)
      [river_hyperplane_incr seeds] 4/10  elapsed 1m03s  eta 1m35s  (15.9s/unit)
      [river_hyperplane_incr seeds] 5/10  elapsed 1m16s  eta 1m16s  (15.3s/unit)
      [river_hyperplane_incr seeds] 6/10  elapsed 1m29s  eta 59s  (15.0s/unit)
      [river_hyperplane_incr seeds] 7/10  elapsed 1m42s  eta 43s  (14.6s/unit)
      [river_hyperplane_incr seeds] 8/10  elapsed 1m54s  eta 28s  (14.3s/unit)
      [river_hyperplane_incr seeds] 9/10  elapsed 2m06s  eta 14s  (14.1s/unit)
      [river_hyperplane_incr seeds] 10/10  elapsed 2m19s  eta 0s  (13.9s/unit)
      [injection topvar@hi] 1/10  elapsed 11s  eta 1m42s  (11.3s/unit)
      [injection topvar@hi] 2/10  elapsed 22s  eta 1m30s  (11.3s/unit)
      [injection topvar@hi] 3/10  elapsed 33s  eta 1m18s  (11.3s/unit)
      [injection topvar@hi] 4/10  elapsed 45s  eta 1m07s  (11.3s/unit)
      [injection topvar@hi] 5/10  elapsed 56s  eta 56s  (11.2s/unit)
      [injection topvar@hi] 6/10  elapsed 1m07s  eta 44s  (11.2s/unit)
      [injection topvar@hi] 7/10  elapsed 1m18s  eta 33s  (11.2s/unit)
      [injection topvar@hi] 8/10  elapsed 1m30s  eta 22s  (11.3s/unit)
      [injection topvar@hi] 9/10  elapsed 1m43s  eta 11s  (11.5s/unit)
      [injection topvar@hi] 10/10  elapsed 1m55s  eta 0s  (11.5s/unit)
  river_hyperplane_inc W=10 D=0.493 gate=3.54! stale=+0.112[+0.097,+0.128] den=+0.122[+0.106,+0.138] => DEPLOYMENT-CONCEPT  [TRUST: no-covariate-movement;noise-drift-present]
      [datasets] 3/3  elapsed 11m16s  eta 0s  (225.5s/unit) <- river_hyperplane_incr
      [datasets] done in 11m16s

  v3 READ (PREREG_DEPLOYMENT_V2.md): DEPLOYMENT-CONCEPT needs the DENOISED arm within the
  noise envelope; raw-only positives are NOISE-DRIFT-CONFOUNDED or RAW-ONLY-POSITIVE, never
  concept. All verdicts are tree-ensemble-class-scoped; D = window separability, not overlap.

  wrote results/phase1/deployment_decay/summary_20260802T193710_a8f1549.json  (+ summary_latest.json)  <-- send me this
