ENV ('3.11.15', '1.9.0')
ENV OK

== 1. PARITY (auto must reproduce v1 bit-for-bit) ==
   heavytail  binclass    topvar       labels_identical=True  expect=True  feats [0, 1]->[0, 1] OK
   heavytail  binclass    lowvar       labels_identical=True  expect=True  feats [8, 7]->[8, 7] OK
   heavytail  binclass    interaction  labels_identical=False expect=False feats [0, 1]->[0, 1, 4] OK
   heavytail  binclass    subpop       labels_identical=True  expect=True  feats [0, 1]->[0, 1, 4] OK
   heavytail  regression  topvar       labels_identical=True  expect=True  feats [0, 1]->[0, 1] OK
   heavytail  regression  lowvar       labels_identical=True  expect=True  feats [8, 7]->[8, 7] OK
   heavytail  regression  interaction  labels_identical=False expect=False feats [0, 1]->[0, 1, 4] OK
   heavytail  regression  subpop       labels_identical=True  expect=True  feats [0, 1]->[0, 1, 4] OK
   heavytail  multiclass  topvar       labels_identical=True  expect=True  feats [0, 1]->[0, 1] OK
   heavytail  multiclass  lowvar       labels_identical=True  expect=True  feats [8, 7]->[8, 7] OK
   heavytail  multiclass  interaction  labels_identical=False expect=False feats [0, 1]->[0, 1, 4] OK
   heavytail  multiclass  subpop       labels_identical=True  expect=True  feats [0, 1]->[0, 1, 4] OK
   clean      binclass    topvar       labels_identical=True  expect=True  feats [0, 1]->[0, 1] OK
   clean      binclass    lowvar       labels_identical=True  expect=True  feats [7, 6]->[7, 6] OK
   clean      binclass    interaction  labels_identical=False expect=False feats [0, 1]->[0, 1, 2] OK
   clean      binclass    subpop       labels_identical=True  expect=True  feats [0, 1]->[0, 1, 2] OK
   clean      regression  topvar       labels_identical=True  expect=True  feats [0, 1]->[0, 1] OK
   clean      regression  lowvar       labels_identical=True  expect=True  feats [7, 6]->[7, 6] OK
   clean      regression  interaction  labels_identical=False expect=False feats [0, 1]->[0, 1, 2] OK
   clean      regression  subpop       labels_identical=True  expect=True  feats [0, 1]->[0, 1, 2] OK
   clean      multiclass  topvar       labels_identical=True  expect=True  feats [0, 1]->[0, 1] OK
   clean      multiclass  lowvar       labels_identical=True  expect=True  feats [7, 6]->[7, 6] OK
   clean      multiclass  interaction  labels_identical=False expect=False feats [0, 1]->[0, 1, 2] OK
   clean      multiclass  subpop       labels_identical=True  expect=True  feats [0, 1]->[0, 1, 2] OK
   -> PARITY PASS

== 2. INDEPENDENCE of the interaction rotation axes ==
   heavytail  cols=hi  |corr| new=0.0131 (v1=0.7686)  OK
   heavytail  cols=lo  |corr| new=0.0091 (v1=0.7686)  OK
   clean      cols=hi  |corr| new=0.0157 (v1=0.0181)  OK
   clean      cols=lo  |corr| new=0.0013 (v1=0.0181)  OK
   -> INDEPENDENCE PASS

== 3. CARRIER SEPARATION (the reason family x cols must be crossed) ==
   heavy-tail geometry: hi carrier must FAIL the gate, lo carrier must PASS
   heavytail  topvar       cols=hi  learnable=False auc=0.5478   cols_used=[0, 1]       OK
   heavytail  topvar       cols=lo  learnable=True  auc=0.9588   cols_used=[8, 7]       OK
   heavytail  lowvar       cols=hi  learnable=False auc=0.5478   cols_used=[0, 1]       OK
   heavytail  lowvar       cols=lo  learnable=True  auc=0.9588   cols_used=[8, 7]       OK
   heavytail  interaction  cols=hi  learnable=True  auc=0.9381   cols_used=[0, 1, 4]    report-only (hybrid carrier)
   heavytail  interaction  cols=lo  learnable=True  auc=0.8949   cols_used=[8, 7, 6]    OK
   heavytail  subpop       cols=hi  learnable=False auc=0.5231   cols_used=[0, 1, 4]    OK
   heavytail  subpop       cols=lo  learnable=True  auc=0.9538   cols_used=[8, 7, 6]    OK
   clean      topvar       cols=hi  learnable=True  auc=0.9505   cols_used=[0, 1]       OK
   clean      topvar       cols=lo  learnable=True  auc=0.919    cols_used=[7, 6]       OK
   clean      lowvar       cols=hi  learnable=True  auc=0.9505   cols_used=[0, 1]       OK
   clean      lowvar       cols=lo  learnable=True  auc=0.919    cols_used=[7, 6]       OK
   clean      interaction  cols=hi  learnable=True  auc=0.9525   cols_used=[0, 1, 2]    OK
   clean      interaction  cols=lo  learnable=True  auc=0.9505   cols_used=[7, 6, 5]    OK
   clean      subpop       cols=hi  learnable=True  auc=0.9194   cols_used=[0, 1, 2]    OK
   clean      subpop       cols=lo  learnable=True  auc=0.9591   cols_used=[7, 6, 5]    OK
   -> CARRIER SEPARATION PASS

== 4. GATE constants (0.65, 0.2, 0.1) PASS

  SMOKE PASS   wrote results/phase1/deployment_decay/smoke_inj_family_dd82e0a.json
  NOTE: this smoke test does NOT substitute for the PREREG §4 battery gate.
        Run `--synth` on the server and require a 14/14 match before any real data.

==== SYNTH ground-truth battery (v3: binclass + regression + noise-drift adversarials) ====
  EXPECT CONCEPT:      concept, nuisance_proxy, reg_concept, reg_concept_earlynoisy
  EXPECT not-CONCEPT:  covariate, stable, covariate_mc, covariate_mild, reg_stable, reg_cov_linear, reg_cov_nonlinear, reg_early_noisy, reg_late_noisy, reg_xdep_noise
  EXPECT NOISE-DRIFT-CONFOUNDED: reg_early_noisy, reg_xdep_noise
  EXPECT covariate_mild != UNIDENTIFIABLE-* (identifiable-regime coverage)
  [1/14] synth_concept
      [synth_concept seeds] 1/5  elapsed 16s  eta 1m07s  (16.9s/unit)
      [synth_concept seeds] 2/5  elapsed 33s  eta 50s  (16.8s/unit)
      [synth_concept seeds] 3/5  elapsed 50s  eta 33s  (16.7s/unit)
      [synth_concept seeds] 4/5  elapsed 1m06s  eta 16s  (16.6s/unit)
      [synth_concept seeds] 5/5  elapsed 1m22s  eta 0s  (16.6s/unit)
      [injection topvar@auto] 1/10  elapsed 17s  eta 2m39s  (17.7s/unit)
      [injection topvar@auto] 2/10  elapsed 35s  eta 2m20s  (17.6s/unit)
      [injection topvar@auto] 3/10  elapsed 52s  eta 2m02s  (17.5s/unit)
      [injection topvar@auto] 4/10  elapsed 1m10s  eta 1m45s  (17.7s/unit)
      [injection topvar@auto] 5/10  elapsed 1m28s  eta 1m28s  (17.8s/unit)
      [injection topvar@auto] 6/10  elapsed 1m46s  eta 1m11s  (17.8s/unit)
      [injection topvar@auto] 7/10  elapsed 2m04s  eta 53s  (17.8s/unit)
      [injection topvar@auto] 8/10  elapsed 2m22s  eta 35s  (17.8s/unit)
      [injection topvar@auto] 9/10  elapsed 2m40s  eta 17s  (17.8s/unit)
      [injection topvar@auto] 10/10  elapsed 2m58s  eta 0s  (17.8s/unit)
  synth_concept        W=10 D=0.510 gate=0.90 stale=+0.284[+0.216,+0.351] den=+0.288[+0.216,+0.361] => DEPLOYMENT-CONCEPT  [TRUST: no-covariate-movement]
      [battery cells] 1/14  elapsed 4m31s  eta 58m54s  (271.9s/unit) <- synth_concept
  [2/14] synth_nuisance_proxy
      [synth_nuisance_proxy seeds] 1/5  elapsed 17s  eta 1m09s  (17.5s/unit)
      [synth_nuisance_proxy seeds] 2/5  elapsed 35s  eta 52s  (17.5s/unit)
      [synth_nuisance_proxy seeds] 3/5  elapsed 52s  eta 34s  (17.5s/unit)
      [synth_nuisance_proxy seeds] 4/5  elapsed 1m09s  eta 17s  (17.4s/unit)
      [synth_nuisance_proxy seeds] 5/5  elapsed 1m27s  eta 0s  (17.4s/unit)
      [injection topvar@auto] 1/10  elapsed 17s  eta 2m36s  (17.4s/unit)
      [injection topvar@auto] 2/10  elapsed 34s  eta 2m19s  (17.4s/unit)
      [injection topvar@auto] 3/10  elapsed 52s  eta 2m02s  (17.4s/unit)
      [injection topvar@auto] 4/10  elapsed 1m09s  eta 1m44s  (17.4s/unit)
      [injection topvar@auto] 5/10  elapsed 1m27s  eta 1m27s  (17.5s/unit)
      [injection topvar@auto] 6/10  elapsed 1m44s  eta 1m09s  (17.5s/unit)
      [injection topvar@auto] 7/10  elapsed 2m02s  eta 52s  (17.5s/unit)
      [injection topvar@auto] 8/10  elapsed 2m20s  eta 35s  (17.5s/unit)
      [injection topvar@auto] 9/10  elapsed 2m37s  eta 17s  (17.5s/unit)
      [injection topvar@auto] 10/10  elapsed 2m55s  eta 0s  (17.5s/unit)
  synth_nuisance_proxy W=10 D=0.517 gate=1.15 stale=+0.202[+0.153,+0.252] den=+0.204[+0.156,+0.251] => DEPLOYMENT-CONCEPT  [TRUST: no-covariate-movement;proxy-stripped:1;proxy-sensitive]
      [battery cells] 2/14  elapsed 9m05s  eta 54m32s  (272.7s/unit) <- synth_nuisance_proxy
  [3/14] synth_reg_concept
      [synth_reg_concept seeds] 1/5  elapsed 17s  eta 1m11s  (17.9s/unit)
      [synth_reg_concept seeds] 2/5  elapsed 35s  eta 53s  (17.9s/unit)
      [synth_reg_concept seeds] 3/5  elapsed 53s  eta 35s  (17.9s/unit)
      [synth_reg_concept seeds] 4/5  elapsed 1m11s  eta 17s  (17.9s/unit)
      [synth_reg_concept seeds] 5/5  elapsed 1m29s  eta 0s  (18.0s/unit)
      [injection topvar@auto] 1/10  elapsed 18s  eta 2m42s  (18.1s/unit)
      [injection topvar@auto] 2/10  elapsed 36s  eta 2m24s  (18.0s/unit)
      [injection topvar@auto] 3/10  elapsed 53s  eta 2m05s  (17.9s/unit)
      [injection topvar@auto] 4/10  elapsed 1m11s  eta 1m47s  (17.9s/unit)
      [injection topvar@auto] 5/10  elapsed 1m29s  eta 1m29s  (17.9s/unit)
      [injection topvar@auto] 6/10  elapsed 1m47s  eta 1m11s  (17.9s/unit)
      [injection topvar@auto] 7/10  elapsed 2m05s  eta 53s  (17.9s/unit)
      [injection topvar@auto] 8/10  elapsed 2m23s  eta 35s  (17.9s/unit)
      [injection topvar@auto] 9/10  elapsed 2m40s  eta 17s  (17.9s/unit)
      [injection topvar@auto] 10/10  elapsed 2m58s  eta 0s  (17.9s/unit)
  synth_reg_concept    W=10 D=0.510 gate=0.94 stale=+0.544[+0.454,+0.634] den=+0.540[+0.439,+0.641] => DEPLOYMENT-CONCEPT  [TRUST: no-covariate-movement]
      [battery cells] 3/14  elapsed 13m45s  eta 50m26s  (275.2s/unit) <- synth_reg_concept
  [4/14] synth_reg_concept_earlynoisy
      [synth_reg_concept_earlynoisy seeds] 1/5  elapsed 17s  eta 1m10s  (17.6s/unit)
      [synth_reg_concept_earlynoisy seeds] 2/5  elapsed 35s  eta 52s  (17.6s/unit)
      [synth_reg_concept_earlynoisy seeds] 3/5  elapsed 53s  eta 35s  (17.7s/unit)
      [synth_reg_concept_earlynoisy seeds] 4/5  elapsed 1m10s  eta 17s  (17.7s/unit)
      [synth_reg_concept_earlynoisy seeds] 5/5  elapsed 1m28s  eta 0s  (17.7s/unit)
      [injection topvar@auto] 1/10  elapsed 17s  eta 2m40s  (17.9s/unit)
      [injection topvar@auto] 2/10  elapsed 35s  eta 2m22s  (17.8s/unit)
      [injection topvar@auto] 3/10  elapsed 53s  eta 2m04s  (17.8s/unit)
      [injection topvar@auto] 4/10  elapsed 1m11s  eta 1m46s  (17.8s/unit)
      [injection topvar@auto] 5/10  elapsed 1m28s  eta 1m28s  (17.7s/unit)
      [injection topvar@auto] 6/10  elapsed 1m46s  eta 1m10s  (17.7s/unit)
      [injection topvar@auto] 7/10  elapsed 2m03s  eta 53s  (17.7s/unit)
      [injection topvar@auto] 8/10  elapsed 2m21s  eta 35s  (17.7s/unit)
      [injection topvar@auto] 9/10  elapsed 2m38s  eta 17s  (17.6s/unit)
      [injection topvar@auto] 10/10  elapsed 2m56s  eta 0s  (17.6s/unit)
  synth_reg_concept_ea W=10 D=0.510 gate=3.70! stale=+0.355[+0.294,+0.417] den=+0.319[+0.248,+0.390] => DEPLOYMENT-CONCEPT  [TRUST: no-covariate-movement;noise-drift-present]
      [battery cells] 4/14  elapsed 18m22s  eta 45m55s  (275.6s/unit) <- synth_reg_concept_earlynoisy
  [5/14] synth_covariate
      [synth_covariate seeds] 1/5  elapsed 17s  eta 1m11s  (17.9s/unit)
      [synth_covariate seeds] 2/5  elapsed 36s  eta 54s  (18.1s/unit)
      [synth_covariate seeds] 3/5  elapsed 54s  eta 36s  (18.2s/unit)
      [synth_covariate seeds] 4/5  elapsed 1m12s  eta 18s  (18.2s/unit)
      [synth_covariate seeds] 5/5  elapsed 1m31s  eta 0s  (18.3s/unit)
      [injection topvar@auto] 1/10  elapsed 16s  eta 2m32s  (16.9s/unit)
      [injection topvar@auto] 2/10  elapsed 34s  eta 2m16s  (17.0s/unit)
      [injection topvar@auto] 3/10  elapsed 50s  eta 1m58s  (17.0s/unit)
      [injection topvar@auto] 4/10  elapsed 1m08s  eta 1m42s  (17.0s/unit)
      [injection topvar@auto] 5/10  elapsed 1m24s  eta 1m24s  (16.9s/unit)
      [injection topvar@auto] 6/10  elapsed 1m41s  eta 1m07s  (16.9s/unit)
      [injection topvar@auto] 7/10  elapsed 1m58s  eta 50s  (16.9s/unit)
      [injection topvar@auto] 8/10  elapsed 2m15s  eta 33s  (17.0s/unit)
      [injection topvar@auto] 9/10  elapsed 2m32s  eta 16s  (17.0s/unit)
      [injection topvar@auto] 10/10  elapsed 2m49s  eta 0s  (17.0s/unit)
  synth_covariate      W=10 D=0.995 gate=0.71 stale=-0.001[-0.002,+0.000] den=-0.000[-0.002,+0.002] => UNIDENTIFIABLE-EXPLOITABLE  [TRUST: unident-earned]
      [battery cells] 5/14  elapsed 22m54s  eta 41m13s  (274.8s/unit) <- synth_covariate
  [6/14] synth_stable
      [synth_stable seeds] 1/5  elapsed 15s  eta 1m00s  (15.1s/unit)
      [synth_stable seeds] 2/5  elapsed 30s  eta 45s  (15.2s/unit)
      [synth_stable seeds] 3/5  elapsed 45s  eta 30s  (15.2s/unit)
      [synth_stable seeds] 4/5  elapsed 1m00s  eta 15s  (15.1s/unit)
      [synth_stable seeds] 5/5  elapsed 1m15s  eta 0s  (15.0s/unit)
  synth_stable         W=10 D=0.510 gate=0.69 stale=-0.001[-0.001,-0.000] den=-0.000[-0.001,+0.000] => NO-STRONG-CONCEPT  [TRUST: no-covariate-movement]
      [battery cells] 6/14  elapsed 24m20s  eta 32m27s  (243.4s/unit) <- synth_stable
  [7/14] synth_covariate_mc
      [synth_covariate_mc seeds] 1/5  elapsed 44s  eta 2m59s  (44.9s/unit)
      [synth_covariate_mc seeds] 2/5  elapsed 1m29s  eta 2m13s  (44.5s/unit)
      [synth_covariate_mc seeds] 3/5  elapsed 2m13s  eta 1m29s  (44.6s/unit)
      [synth_covariate_mc seeds] 4/5  elapsed 2m58s  eta 44s  (44.5s/unit)
      [synth_covariate_mc seeds] 5/5  elapsed 3m42s  eta 0s  (44.6s/unit)
      [injection topvar@auto] 1/10  elapsed 24s  eta 3m40s  (24.5s/unit)
      [injection topvar@auto] 2/10  elapsed 49s  eta 3m19s  (24.9s/unit)
      [injection topvar@auto] 3/10  elapsed 1m23s  eta 3m14s  (27.8s/unit)
      [injection topvar@auto] 4/10  elapsed 1m52s  eta 2m49s  (28.2s/unit)
      [injection topvar@auto] 5/10  elapsed 2m27s  eta 2m27s  (29.4s/unit)
      [injection topvar@auto] 6/10  elapsed 3m01s  eta 2m01s  (30.3s/unit)
      [injection topvar@auto] 7/10  elapsed 3m25s  eta 1m27s  (29.3s/unit)
      [injection topvar@auto] 8/10  elapsed 3m56s  eta 59s  (29.5s/unit)
      [injection topvar@auto] 9/10  elapsed 4m29s  eta 29s  (29.9s/unit)
      [injection topvar@auto] 10/10  elapsed 4m58s  eta 0s  (29.8s/unit)
  synth_covariate_mc   W=10 D=0.995 gate=0.87 stale=-0.002[-0.005,+0.001] den=-0.002[-0.005,+0.001] => UNIDENTIFIABLE-EXPLOITABLE  [TRUST: injection-vacuous]
      [battery cells] 7/14  elapsed 33m12s  eta 33m12s  (284.7s/unit) <- synth_covariate_mc
  [8/14] synth_covariate_mild
      [synth_covariate_mild seeds] 1/5  elapsed 18s  eta 1m14s  (18.7s/unit)
      [synth_covariate_mild seeds] 2/5  elapsed 37s  eta 56s  (18.9s/unit)
      [synth_covariate_mild seeds] 3/5  elapsed 56s  eta 37s  (18.9s/unit)
      [synth_covariate_mild seeds] 4/5  elapsed 1m15s  eta 18s  (18.9s/unit)
      [synth_covariate_mild seeds] 5/5  elapsed 1m34s  eta 0s  (18.9s/unit)
  synth_covariate_mild W=10 D=0.727 gate=0.99 stale=-0.004[-0.005,-0.002] den=-0.000[-0.002,+0.002] => NO-STRONG-CONCEPT
      [battery cells] 8/14  elapsed 34m58s  eta 26m13s  (262.3s/unit) <- synth_covariate_mild
  [9/14] synth_reg_stable
      [synth_reg_stable seeds] 1/5  elapsed 18s  eta 1m13s  (18.4s/unit)
      [synth_reg_stable seeds] 2/5  elapsed 36s  eta 55s  (18.4s/unit)
      [synth_reg_stable seeds] 3/5  elapsed 55s  eta 36s  (18.4s/unit)
      [synth_reg_stable seeds] 4/5  elapsed 1m13s  eta 18s  (18.3s/unit)
      [synth_reg_stable seeds] 5/5  elapsed 1m31s  eta 0s  (18.3s/unit)
  synth_reg_stable     W=10 D=0.510 gate=0.99 stale=-0.011[-0.012,-0.010] den=-0.000[-0.003,+0.003] => NO-STRONG-CONCEPT  [TRUST: no-covariate-movement]
      [battery cells] 9/14  elapsed 36m41s  eta 20m22s  (244.6s/unit) <- synth_reg_stable
  [10/14] synth_reg_cov_linear
      [synth_reg_cov_linear seeds] 1/5  elapsed 18s  eta 1m13s  (18.4s/unit)
      [synth_reg_cov_linear seeds] 2/5  elapsed 36s  eta 54s  (18.3s/unit)
      [synth_reg_cov_linear seeds] 3/5  elapsed 55s  eta 36s  (18.4s/unit)
      [synth_reg_cov_linear seeds] 4/5  elapsed 1m13s  eta 18s  (18.4s/unit)
      [synth_reg_cov_linear seeds] 5/5  elapsed 1m31s  eta 0s  (18.3s/unit)
      [injection topvar@auto] 1/10  elapsed 17s  eta 2m41s  (17.9s/unit)
      [injection topvar@auto] 2/10  elapsed 35s  eta 2m22s  (17.8s/unit)
      [injection topvar@auto] 3/10  elapsed 53s  eta 2m04s  (17.8s/unit)
      [injection topvar@auto] 4/10  elapsed 1m11s  eta 1m46s  (17.8s/unit)
      [injection topvar@auto] 5/10  elapsed 1m28s  eta 1m28s  (17.7s/unit)
      [injection topvar@auto] 6/10  elapsed 1m46s  eta 1m10s  (17.7s/unit)
      [injection topvar@auto] 7/10  elapsed 2m03s  eta 53s  (17.7s/unit)
      [injection topvar@auto] 8/10  elapsed 2m21s  eta 35s  (17.7s/unit)
      [injection topvar@auto] 9/10  elapsed 2m39s  eta 17s  (17.7s/unit)
      [injection topvar@auto] 10/10  elapsed 2m57s  eta 0s  (17.7s/unit)
  synth_reg_cov_linear W=10 D=0.995 gate=0.93 stale=+0.001[+0.000,+0.002] den=+0.004[+0.003,+0.005] => UNIDENTIFIABLE-EXPLOITABLE  [TRUST: unident-earned]
      [battery cells] 10/14  elapsed 41m20s  eta 16m32s  (248.1s/unit) <- synth_reg_cov_linear
  [11/14] synth_reg_cov_nonlinear
      [synth_reg_cov_nonlinear seeds] 1/5  elapsed 18s  eta 1m12s  (18.0s/unit)
      [synth_reg_cov_nonlinear seeds] 2/5  elapsed 36s  eta 54s  (18.1s/unit)
      [synth_reg_cov_nonlinear seeds] 3/5  elapsed 54s  eta 36s  (18.1s/unit)
      [synth_reg_cov_nonlinear seeds] 4/5  elapsed 1m12s  eta 18s  (18.1s/unit)
      [synth_reg_cov_nonlinear seeds] 5/5  elapsed 1m30s  eta 0s  (18.1s/unit)
      [injection topvar@auto] 1/10  elapsed 18s  eta 2m42s  (18.1s/unit)
      [injection topvar@auto] 2/10  elapsed 36s  eta 2m24s  (18.1s/unit)
      [injection topvar@auto] 3/10  elapsed 54s  eta 2m06s  (18.1s/unit)
      [injection topvar@auto] 4/10  elapsed 1m12s  eta 1m48s  (18.1s/unit)
      [injection topvar@auto] 5/10  elapsed 1m30s  eta 1m30s  (18.1s/unit)
      [injection topvar@auto] 6/10  elapsed 1m48s  eta 1m12s  (18.1s/unit)
      [injection topvar@auto] 7/10  elapsed 2m06s  eta 54s  (18.0s/unit)
      [injection topvar@auto] 8/10  elapsed 2m24s  eta 36s  (18.0s/unit)
      [injection topvar@auto] 9/10  elapsed 2m42s  eta 18s  (18.0s/unit)
      [injection topvar@auto] 10/10  elapsed 3m00s  eta 0s  (18.0s/unit)
  synth_reg_cov_nonlin W=10 D=0.995 gate=0.90 stale=-0.006[-0.009,-0.003] den=-0.003[-0.005,-0.001] => UNIDENTIFIABLE-EXPLOITABLE  [TRUST: unident-earned]
      [battery cells] 11/14  elapsed 46m02s  eta 12m33s  (251.1s/unit) <- synth_reg_cov_nonlinear
  [12/14] synth_reg_early_noisy
      [synth_reg_early_noisy seeds] 1/5  elapsed 17s  eta 1m11s  (17.8s/unit)
      [synth_reg_early_noisy seeds] 2/5  elapsed 35s  eta 53s  (17.9s/unit)
      [synth_reg_early_noisy seeds] 3/5  elapsed 53s  eta 35s  (17.9s/unit)
      [synth_reg_early_noisy seeds] 4/5  elapsed 1m11s  eta 17s  (17.9s/unit)
      [synth_reg_early_noisy seeds] 5/5  elapsed 1m29s  eta 0s  (17.9s/unit)
  synth_reg_early_nois W=10 D=0.510 gate=3.53! stale=+0.022[+0.020,+0.024] den=+0.005[+0.000,+0.009] => NOISE-DRIFT-CONFOUNDED  [TRUST: no-covariate-movement;future-easier]
      [battery cells] 12/14  elapsed 47m43s  eta 7m57s  (238.6s/unit) <- synth_reg_early_noisy
  [13/14] synth_reg_late_noisy
      [synth_reg_late_noisy seeds] 1/5  elapsed 18s  eta 1m12s  (18.1s/unit)
      [synth_reg_late_noisy seeds] 2/5  elapsed 36s  eta 54s  (18.1s/unit)
      [synth_reg_late_noisy seeds] 3/5  elapsed 54s  eta 36s  (18.1s/unit)
      [synth_reg_late_noisy seeds] 4/5  elapsed 1m12s  eta 18s  (18.0s/unit)
      [synth_reg_late_noisy seeds] 5/5  elapsed 1m30s  eta 0s  (18.0s/unit)
  synth_reg_late_noisy W=10 D=0.510 gate=0.14 stale=-0.022[-0.024,-0.020] den=-0.018[-0.020,-0.016] => NO-STRONG-CONCEPT  [TRUST: no-covariate-movement]
      [battery cells] 13/14  elapsed 49m24s  eta 3m48s  (228.1s/unit) <- synth_reg_late_noisy
  [14/14] synth_reg_xdep_noise
      [synth_reg_xdep_noise seeds] 1/5  elapsed 17s  eta 1m11s  (17.9s/unit)
      [synth_reg_xdep_noise seeds] 2/5  elapsed 35s  eta 53s  (17.8s/unit)
      [synth_reg_xdep_noise seeds] 3/5  elapsed 53s  eta 35s  (17.8s/unit)
      [synth_reg_xdep_noise seeds] 4/5  elapsed 1m11s  eta 17s  (17.8s/unit)
      [synth_reg_xdep_noise seeds] 5/5  elapsed 1m28s  eta 0s  (17.8s/unit)
  synth_reg_xdep_noise W=10 D=0.510 gate=3.72! stale=+0.025[+0.022,+0.029] den=+0.006[+0.004,+0.009] => NOISE-DRIFT-CONFOUNDED  [TRUST: no-covariate-movement;future-easier]
      [battery cells] 14/14  elapsed 51m04s  eta 0s  (218.9s/unit) <- synth_reg_xdep_noise
      [battery cells] done in 51m04s

  GROUND-TRUTH PASS
  wrote results/phase1/deployment_decay/synth_summary.json
### GATE PASSED 2026-08-01T04:12:36Z

==== DEPLOYMENT-DECAY probe (rolling-origin: train past -> predict future) ====
  [1/1] [river_agrawal_abrupt] task=binclass feats=9 n=8000
      [river_agrawal_abrupt seeds] 1/10  elapsed 8s  eta 1m18s  (8.8s/unit)
      [river_agrawal_abrupt seeds] 2/10  elapsed 18s  eta 1m12s  (9.1s/unit)
      [river_agrawal_abrupt seeds] 3/10  elapsed 26s  eta 1m02s  (8.9s/unit)
      [river_agrawal_abrupt seeds] 4/10  elapsed 36s  eta 54s  (9.0s/unit)
      [river_agrawal_abrupt seeds] 5/10  elapsed 45s  eta 45s  (9.1s/unit)
      [river_agrawal_abrupt seeds] 6/10  elapsed 53s  eta 35s  (9.0s/unit)
      [river_agrawal_abrupt seeds] 7/10  elapsed 1m02s  eta 26s  (8.9s/unit)
      [river_agrawal_abrupt seeds] 8/10  elapsed 1m11s  eta 17s  (9.0s/unit)
      [river_agrawal_abrupt seeds] 9/10  elapsed 1m20s  eta 8s  (8.9s/unit)
      [river_agrawal_abrupt seeds] 10/10  elapsed 1m28s  eta 0s  (8.9s/unit)
      [injection topvar@hi] 1/10  elapsed 14s  eta 2m08s  (14.3s/unit)
      [injection topvar@hi] 2/10  elapsed 28s  eta 1m54s  (14.4s/unit)
      [injection topvar@hi] 3/10  elapsed 43s  eta 1m40s  (14.4s/unit)
      [injection topvar@hi] 4/10  elapsed 57s  eta 1m26s  (14.4s/unit)
      [injection topvar@hi] 5/10  elapsed 1m11s  eta 1m11s  (14.4s/unit)
      [injection topvar@hi] 6/10  elapsed 1m26s  eta 57s  (14.3s/unit)
      [injection topvar@hi] 7/10  elapsed 1m40s  eta 42s  (14.3s/unit)
      [injection topvar@hi] 8/10  elapsed 1m54s  eta 28s  (14.3s/unit)
      [injection topvar@hi] 9/10  elapsed 2m08s  eta 14s  (14.3s/unit)
      [injection topvar@hi] 10/10  elapsed 2m23s  eta 0s  (14.3s/unit)
  river_agrawal_abrupt W=10 D=0.498 gate=0.00 stale=+0.045[+0.039,+0.051] den=+0.047[+0.038,+0.055] => DEPLOYMENT-CONCEPT  [TRUST: no-covariate-movement]
      [datasets] 1/1  elapsed 4m00s  eta 0s  (240.2s/unit) <- river_agrawal_abrupt
      [datasets] done in 4m00s

  v3 READ (PREREG_DEPLOYMENT_V2.md): DEPLOYMENT-CONCEPT needs the DENOISED arm within the
  noise envelope; raw-only positives are NOISE-DRIFT-CONFOUNDED or RAW-ONLY-POSITIVE, never
  concept. All verdicts are tree-ensemble-class-scoped; D = window separability, not overlap.

  wrote results/phase1/deployment_decay/summary_20260801T041637_dd82e0a.json  (+ summary_latest.json)  <-- send me this

==== DEPLOYMENT-DECAY probe (rolling-origin: train past -> predict future) ====
  [1/1] [river_agrawal_abrupt] task=binclass feats=9 n=8000
      [river_agrawal_abrupt seeds] 1/10  elapsed 9s  eta 1m28s  (9.9s/unit)
      [river_agrawal_abrupt seeds] 2/10  elapsed 20s  eta 1m20s  (10.1s/unit)
      [river_agrawal_abrupt seeds] 3/10  elapsed 29s  eta 1m08s  (9.8s/unit)
      [river_agrawal_abrupt seeds] 4/10  elapsed 39s  eta 59s  (9.9s/unit)
      [river_agrawal_abrupt seeds] 5/10  elapsed 49s  eta 49s  (9.9s/unit)
      [river_agrawal_abrupt seeds] 6/10  elapsed 58s  eta 39s  (9.8s/unit)
      [river_agrawal_abrupt seeds] 7/10  elapsed 1m07s  eta 29s  (9.7s/unit)
      [river_agrawal_abrupt seeds] 8/10  elapsed 1m17s  eta 19s  (9.7s/unit)
      [river_agrawal_abrupt seeds] 9/10  elapsed 1m26s  eta 9s  (9.7s/unit)
      [river_agrawal_abrupt seeds] 10/10  elapsed 1m35s  eta 0s  (9.6s/unit)
      [injection lowvar@lo] 1/10  elapsed 15s  eta 2m17s  (15.3s/unit)
      [injection lowvar@lo] 2/10  elapsed 30s  eta 2m02s  (15.3s/unit)
      [injection lowvar@lo] 3/10  elapsed 46s  eta 1m47s  (15.4s/unit)
      [injection lowvar@lo] 4/10  elapsed 1m01s  eta 1m32s  (15.4s/unit)
      [injection lowvar@lo] 5/10  elapsed 1m17s  eta 1m17s  (15.5s/unit)
      [injection lowvar@lo] 6/10  elapsed 1m33s  eta 1m02s  (15.5s/unit)
      [injection lowvar@lo] 7/10  elapsed 1m48s  eta 46s  (15.5s/unit)
      [injection lowvar@lo] 8/10  elapsed 2m04s  eta 31s  (15.5s/unit)
      [injection lowvar@lo] 9/10  elapsed 2m19s  eta 15s  (15.5s/unit)
      [injection lowvar@lo] 10/10  elapsed 2m35s  eta 0s  (15.5s/unit)
  river_agrawal_abrupt W=10 D=0.498 gate=0.00 stale=+0.045[+0.039,+0.051] den=+0.047[+0.038,+0.055] => DEPLOYMENT-CONCEPT  [TRUST: no-covariate-movement]
      [datasets] 1/1  elapsed 4m19s  eta 0s  (259.3s/unit) <- river_agrawal_abrupt
      [datasets] done in 4m19s

  v3 READ (PREREG_DEPLOYMENT_V2.md): DEPLOYMENT-CONCEPT needs the DENOISED arm within the
  noise envelope; raw-only positives are NOISE-DRIFT-CONFOUNDED or RAW-ONLY-POSITIVE, never
  concept. All verdicts are tree-ensemble-class-scoped; D = window separability, not overlap.

  wrote results/phase1/deployment_decay/summary_20260801T042058_dd82e0a.json  (+ summary_latest.json)  <-- send me this

==== DEPLOYMENT-DECAY probe (rolling-origin: train past -> predict future) ====
  [1/1] [river_agrawal_abrupt] task=binclass feats=9 n=8000
      [river_agrawal_abrupt seeds] 1/10  elapsed 9s  eta 1m28s  (9.8s/unit)
      [river_agrawal_abrupt seeds] 2/10  elapsed 20s  eta 1m21s  (10.1s/unit)
      [river_agrawal_abrupt seeds] 3/10  elapsed 29s  eta 1m08s  (9.9s/unit)
      [river_agrawal_abrupt seeds] 4/10  elapsed 39s  eta 59s  (10.0s/unit)
      [river_agrawal_abrupt seeds] 5/10  elapsed 49s  eta 49s  (10.0s/unit)
      [river_agrawal_abrupt seeds] 6/10  elapsed 59s  eta 39s  (9.8s/unit)
      [river_agrawal_abrupt seeds] 7/10  elapsed 1m08s  eta 29s  (9.8s/unit)
      [river_agrawal_abrupt seeds] 8/10  elapsed 1m18s  eta 19s  (9.8s/unit)
      [river_agrawal_abrupt seeds] 9/10  elapsed 1m27s  eta 9s  (9.7s/unit)
      [river_agrawal_abrupt seeds] 10/10  elapsed 1m36s  eta 0s  (9.7s/unit)
      [injection interaction@lo] 1/10  elapsed 16s  eta 2m31s  (16.9s/unit)
      [injection interaction@lo] 2/10  elapsed 33s  eta 2m14s  (16.8s/unit)
      [injection interaction@lo] 3/10  elapsed 49s  eta 1m56s  (16.6s/unit)
      [injection interaction@lo] 4/10  elapsed 1m06s  eta 1m39s  (16.6s/unit)
      [injection interaction@lo] 5/10  elapsed 1m22s  eta 1m22s  (16.5s/unit)
      [injection interaction@lo] 6/10  elapsed 1m38s  eta 1m05s  (16.5s/unit)
      [injection interaction@lo] 7/10  elapsed 1m55s  eta 49s  (16.5s/unit)
      [injection interaction@lo] 8/10  elapsed 2m12s  eta 33s  (16.5s/unit)
      [injection interaction@lo] 9/10  elapsed 2m28s  eta 16s  (16.5s/unit)
      [injection interaction@lo] 10/10  elapsed 2m45s  eta 0s  (16.5s/unit)
  river_agrawal_abrupt W=10 D=0.498 gate=0.00 stale=+0.045[+0.039,+0.051] den=+0.047[+0.038,+0.055] => DEPLOYMENT-CONCEPT  [TRUST: no-covariate-movement]
      [datasets] 1/1  elapsed 4m30s  eta 0s  (270.8s/unit) <- river_agrawal_abrupt
      [datasets] done in 4m30s

  v3 READ (PREREG_DEPLOYMENT_V2.md): DEPLOYMENT-CONCEPT needs the DENOISED arm within the
  noise envelope; raw-only positives are NOISE-DRIFT-CONFOUNDED or RAW-ONLY-POSITIVE, never
  concept. All verdicts are tree-ensemble-class-scoped; D = window separability, not overlap.

  wrote results/phase1/deployment_decay/summary_20260801T042530_dd82e0a.json  (+ summary_latest.json)  <-- send me this

==== DEPLOYMENT-DECAY probe (rolling-origin: train past -> predict future) ====
  [1/1] [river_agrawal_abrupt] task=binclass feats=9 n=8000
      [river_agrawal_abrupt seeds] 1/10  elapsed 8s  eta 1m13s  (8.2s/unit)
      [river_agrawal_abrupt seeds] 2/10  elapsed 16s  eta 1m07s  (8.4s/unit)
      [river_agrawal_abrupt seeds] 3/10  elapsed 25s  eta 59s  (8.4s/unit)
      [river_agrawal_abrupt seeds] 4/10  elapsed 35s  eta 52s  (8.8s/unit)
      [river_agrawal_abrupt seeds] 5/10  elapsed 44s  eta 44s  (9.0s/unit)
      [river_agrawal_abrupt seeds] 6/10  elapsed 53s  eta 35s  (8.9s/unit)
      [river_agrawal_abrupt seeds] 7/10  elapsed 1m02s  eta 26s  (8.9s/unit)
      [river_agrawal_abrupt seeds] 8/10  elapsed 1m11s  eta 17s  (9.0s/unit)
      [river_agrawal_abrupt seeds] 9/10  elapsed 1m20s  eta 8s  (9.0s/unit)
      [river_agrawal_abrupt seeds] 10/10  elapsed 1m29s  eta 0s  (8.9s/unit)
      [injection subpop@lo] 1/10  elapsed 14s  eta 2m12s  (14.8s/unit)
      [injection subpop@lo] 2/10  elapsed 29s  eta 1m57s  (14.7s/unit)
      [injection subpop@lo] 3/10  elapsed 44s  eta 1m43s  (14.7s/unit)
      [injection subpop@lo] 4/10  elapsed 58s  eta 1m28s  (14.7s/unit)
      [injection subpop@lo] 5/10  elapsed 1m13s  eta 1m13s  (14.7s/unit)
      [injection subpop@lo] 6/10  elapsed 1m28s  eta 58s  (14.7s/unit)
      [injection subpop@lo] 7/10  elapsed 1m42s  eta 44s  (14.7s/unit)
      [injection subpop@lo] 8/10  elapsed 1m57s  eta 29s  (14.7s/unit)
      [injection subpop@lo] 9/10  elapsed 2m12s  eta 14s  (14.7s/unit)
      [injection subpop@lo] 10/10  elapsed 2m27s  eta 0s  (14.7s/unit)
  river_agrawal_abrupt W=10 D=0.498 gate=0.00 stale=+0.045[+0.039,+0.051] den=+0.047[+0.038,+0.055] => DEPLOYMENT-CONCEPT  [TRUST: no-covariate-movement]
      [datasets] 1/1  elapsed 4m04s  eta 0s  (244.8s/unit) <- river_agrawal_abrupt
      [datasets] done in 4m04s

  v3 READ (PREREG_DEPLOYMENT_V2.md): DEPLOYMENT-CONCEPT needs the DENOISED arm within the
  noise envelope; raw-only positives are NOISE-DRIFT-CONFOUNDED or RAW-ONLY-POSITIVE, never
  concept. All verdicts are tree-ensemble-class-scoped; D = window separability, not overlap.

  wrote results/phase1/deployment_decay/summary_20260801T042936_dd82e0a.json  (+ summary_latest.json)  <-- send me this
### CONTROLS DONE 2026-08-01T04:29:36Z
=== 완료 점검 2026-08-01T07:22:15Z ===
OK   logs/fs_A.log  판정 3/3
OK   logs/fs_B.log  판정 2/2
OK   logs/fs_C.log  판정 3/3
OK   logs/d1_topvar_hi.log  판정 8/8
OK   logs/d1_lowvar_lo.log  판정 8/8
OK   logs/d1_interaction_lo.log  판정 8/8
OK   logs/d1_subpop_lo.log  판정 8/8
